// Jest Snapshot v1, https://goo.gl/fbAQLP

exports[`App Should match with snapshot 1`] = `
<h1>
  CARREGANDO...
</h1>
`;
